// Jest Snapshot v1, https://goo.gl/fbAQLP

exports[`Colaboradores renders Colaboradores unchanged 1`] = `
<div>
  <main
    class="text-center"
  >
    <section
      aria-labelledby="colaboradores-heading"
      class="mx-6 sm:mx-10 md:mx-12 mb-12"
    >
      <span
        style="font-size: 0px;"
      />
      <h1
        class="font-editorial-new tracking-[0.01em] font-light uppercase mt-12 mb-6 sm:mt-16 sm:mb-9 md:mt-20 md:mb-12 text-3xl md:text-4xl opacity-0"
        id="colaboradores-heading"
      >
        Colaboradores
      </h1>
      <ul
        aria-label="Colaboradores"
        class="flex flex-wrap gap-10 sm:gap-12 md:gap-14 lg:gap-16 mb-10 sm:mb-12 md:mb-14 lg:mb-16 justify-center"
      >
        <li
          class="list-none"
        >
          <span
            style="font-size: 0px;"
          />
          <div
            class="w-[200px] sm:w-[300px] h-[40px] m-auto relative mb-3 transition-all duration-1000 opacity-0"
          >
            <img
              alt="Luz Viva"
              class="object-contain"
              data-nimg="fill"
              decoding="async"
              loading="lazy"
              sizes="100vw"
              src="/_next/image?url=%2Fcolaboradores%2Fluz-viva.png&w=3840&q=75"
              srcset="/_next/image?url=%2Fcolaboradores%2Fluz-viva.png&w=640&q=75 640w, /_next/image?url=%2Fcolaboradores%2Fluz-viva.png&w=750&q=75 750w, /_next/image?url=%2Fcolaboradores%2Fluz-viva.png&w=828&q=75 828w, /_next/image?url=%2Fcolaboradores%2Fluz-viva.png&w=1080&q=75 1080w, /_next/image?url=%2Fcolaboradores%2Fluz-viva.png&w=1200&q=75 1200w, /_next/image?url=%2Fcolaboradores%2Fluz-viva.png&w=1920&q=75 1920w, /_next/image?url=%2Fcolaboradores%2Fluz-viva.png&w=2048&q=75 2048w, /_next/image?url=%2Fcolaboradores%2Fluz-viva.png&w=3840&q=75 3840w"
              style="position: absolute; height: 100%; width: 100%; left: 0px; top: 0px; right: 0px; bottom: 0px; color: transparent;"
            />
          </div>
        </li>
        <li
          class="list-none"
        >
          <span
            style="font-size: 0px;"
          />
          <div
            class="w-[200px] sm:w-[300px] h-[40px] m-auto relative mb-3 transition-all duration-1000 opacity-0"
          >
            <img
              alt="Cocina Design"
              class="object-contain"
              data-nimg="fill"
              decoding="async"
              loading="lazy"
              sizes="100vw"
              src="/_next/image?url=%2Fcolaboradores%2Fcocina-design.png&w=3840&q=75"
              srcset="/_next/image?url=%2Fcolaboradores%2Fcocina-design.png&w=640&q=75 640w, /_next/image?url=%2Fcolaboradores%2Fcocina-design.png&w=750&q=75 750w, /_next/image?url=%2Fcolaboradores%2Fcocina-design.png&w=828&q=75 828w, /_next/image?url=%2Fcolaboradores%2Fcocina-design.png&w=1080&q=75 1080w, /_next/image?url=%2Fcolaboradores%2Fcocina-design.png&w=1200&q=75 1200w, /_next/image?url=%2Fcolaboradores%2Fcocina-design.png&w=1920&q=75 1920w, /_next/image?url=%2Fcolaboradores%2Fcocina-design.png&w=2048&q=75 2048w, /_next/image?url=%2Fcolaboradores%2Fcocina-design.png&w=3840&q=75 3840w"
              style="position: absolute; height: 100%; width: 100%; left: 0px; top: 0px; right: 0px; bottom: 0px; color: transparent;"
            />
          </div>
        </li>
        <li
          class="list-none"
        >
          <span
            style="font-size: 0px;"
          />
          <div
            class="w-[200px] sm:w-[300px] h-[40px] m-auto relative mb-3 transition-all duration-1000 opacity-0"
          >
            <img
              alt="Elegance"
              class="object-contain"
              data-nimg="fill"
              decoding="async"
              loading="lazy"
              sizes="100vw"
              src="/_next/image?url=%2Fcolaboradores%2Felegance.png&w=3840&q=75"
              srcset="/_next/image?url=%2Fcolaboradores%2Felegance.png&w=640&q=75 640w, /_next/image?url=%2Fcolaboradores%2Felegance.png&w=750&q=75 750w, /_next/image?url=%2Fcolaboradores%2Felegance.png&w=828&q=75 828w, /_next/image?url=%2Fcolaboradores%2Felegance.png&w=1080&q=75 1080w, /_next/image?url=%2Fcolaboradores%2Felegance.png&w=1200&q=75 1200w, /_next/image?url=%2Fcolaboradores%2Felegance.png&w=1920&q=75 1920w, /_next/image?url=%2Fcolaboradores%2Felegance.png&w=2048&q=75 2048w, /_next/image?url=%2Fcolaboradores%2Felegance.png&w=3840&q=75 3840w"
              style="position: absolute; height: 100%; width: 100%; left: 0px; top: 0px; right: 0px; bottom: 0px; color: transparent;"
            />
          </div>
        </li>
        <li
          class="list-none"
        >
          <span
            style="font-size: 0px;"
          />
          <div
            class="w-[200px] sm:w-[300px] h-[40px] m-auto relative mb-3 transition-all duration-1000 opacity-0"
          >
            <img
              alt="Muebles de Arte"
              class="object-contain"
              data-nimg="fill"
              decoding="async"
              loading="lazy"
              sizes="100vw"
              src="/_next/image?url=%2Fcolaboradores%2Fmuebles-arte.png&w=3840&q=75"
              srcset="/_next/image?url=%2Fcolaboradores%2Fmuebles-arte.png&w=640&q=75 640w, /_next/image?url=%2Fcolaboradores%2Fmuebles-arte.png&w=750&q=75 750w, /_next/image?url=%2Fcolaboradores%2Fmuebles-arte.png&w=828&q=75 828w, /_next/image?url=%2Fcolaboradores%2Fmuebles-arte.png&w=1080&q=75 1080w, /_next/image?url=%2Fcolaboradores%2Fmuebles-arte.png&w=1200&q=75 1200w, /_next/image?url=%2Fcolaboradores%2Fmuebles-arte.png&w=1920&q=75 1920w, /_next/image?url=%2Fcolaboradores%2Fmuebles-arte.png&w=2048&q=75 2048w, /_next/image?url=%2Fcolaboradores%2Fmuebles-arte.png&w=3840&q=75 3840w"
              style="position: absolute; height: 100%; width: 100%; left: 0px; top: 0px; right: 0px; bottom: 0px; color: transparent;"
            />
          </div>
        </li>
      </ul>
    </section>
  </main>
</div>
`;
