// Jest Snapshot v1, https://goo.gl/fbAQLP

exports[`About Us renders About Us unchanged 1`] = `
<div>
  <main
    class="text-center"
  >
    <h1
      class="uppercase font-editorial-new font-light text-5xl sm:text-6xl [word-spacing:5px] mt-16 mb-4"
    >
      <span
        class="italic"
      >
        About
      </span>
       Us
    </h1>
    <img
      alt="Creadores de Cóncavo"
      class="w-full h-[90vw] max-h-[765px] object-cover sticky top-[72px] mb-[1px]"
      data-nimg="1"
      decoding="async"
      height="2551"
      loading="lazy"
      src="/_next/image?url=%2Fabout-us%2Fcoti-felix.png&w=3840&q=75"
      srcset="/_next/image?url=%2Fabout-us%2Fcoti-felix.png&w=3840&q=75 1x"
      style="color: transparent;"
      width="4427"
    />
    <div
      class="bg-bone relative"
    >
      <div
        class="m-auto px-8 pt-12 sm:pt-16 max-w-[1024px]"
      >
        <p
          class="mb-4 text-sm sm:text-base leading-6"
        >
          Somos un equipo conformado por la arquitecta Constanza Llorente y el artista visual Félix Llambias. Creamos y desarrollamos productos elaborados localmente para el hogar. Trabajamos con artesanos apasionados por el arte y la belleza para crear piezas únicas hechas por manos argentinas.
        </p>
        <svg
          class="text-black size-[5rem] my-10 md:my-16 mx-auto"
          fill="none"
          height="24"
          viewBox="0 0 569 569"
          width="24"
          xmlns="http://www.w3.org/2000/svg"
        >
          <mask
            height="569"
            id="mask0_2090_30"
            maskUnits="userSpaceOnUse"
            style="mask-type: alpha;"
            width="569"
            x="0"
            y="0"
          >
            <rect
              fill="currentColor"
              height="569"
              width="569"
            />
          </mask>
          <g
            mask="url(#mask0_2090_30)"
          >
            <mask
              height="356"
              id="mask1_2090_30"
              maskUnits="userSpaceOnUse"
              style="mask-type: luminance;"
              width="569"
              x="1"
              y="107"
            >
              <path
                d="M569.616 107H1V462.552H569.616V107Z"
                fill="white"
              />
            </mask>
            <g
              mask="url(#mask1_2090_30)"
            >
              <mask
                height="118"
                id="mask2_2090_30"
                maskUnits="userSpaceOnUse"
                style="mask-type: luminance;"
                width="282"
                x="144"
                y="109"
              >
                <path
                  d="M144.454 109.179H425.761V226.542H144.454V109.179Z"
                  fill="white"
                />
              </mask>
              <g
                mask="url(#mask2_2090_30)"
              >
                <mask
                  height="118"
                  id="mask3_2090_30"
                  maskUnits="userSpaceOnUse"
                  style="mask-type: luminance;"
                  width="282"
                  x="144"
                  y="109"
                >
                  <path
                    d="M425.688 109.179C425.688 173.863 362.762 226.303 285.146 226.303C207.525 226.303 144.6 173.863 144.6 109.179"
                    fill="white"
                  />
                </mask>
                <g
                  mask="url(#mask3_2090_30)"
                >
                  <path
                    d="M568.066 462.375H2.14941V107.343H568.066V462.375Z"
                    fill="currentColor"
                  />
                </g>
              </g>
              <mask
                height="235"
                id="mask4_2090_30"
                maskUnits="userSpaceOnUse"
                style="mask-type: luminance;"
                width="564"
                x="3"
                y="226"
              >
                <path
                  d="M3.98535 226.178H566.235V460.538H3.98535V226.178Z"
                  fill="white"
                />
              </mask>
              <g
                mask="url(#mask4_2090_30)"
              >
                <mask
                  height="235"
                  id="mask5_2090_30"
                  maskUnits="userSpaceOnUse"
                  style="mask-type: luminance;"
                  width="563"
                  x="4"
                  y="226"
                >
                  <path
                    d="M566.23 226.302C566.23 355.665 440.383 460.538 285.147 460.538C129.905 460.538 4.05859 355.665 4.05859 226.302"
                    fill="white"
                  />
                </mask>
                <g
                  mask="url(#mask5_2090_30)"
                >
                  <path
                    d="M568.066 462.374H2.14941V107.343H568.066V462.374Z"
                    fill="currentColor"
                  />
                </g>
              </g>
            </g>
          </g>
        </svg>
        <section
          class="mb-12 sm:mb-16 overflow-hidden"
        >
          <div
            class="flex"
          >
            <img
              alt="Arquitecta"
              class="aspect-square object-cover w-[60%] max-w-[260px] shrink-0"
              data-nimg="1"
              decoding="async"
              height="182"
              loading="lazy"
              src="/_next/image?url=%2Fabout-us%2Fcoti.png&w=640&q=75"
              srcset="/_next/image?url=%2Fabout-us%2Fcoti.png&w=384&q=75 1x, /_next/image?url=%2Fabout-us%2Fcoti.png&w=640&q=75 2x"
              style="color: transparent;"
              width="297"
            />
            <div>
              <span
                style="font-size: 0px;"
              />
              <h2
                class="font-editorial-new tracking-[0.01em] uppercase opacity-0 font-light text-2xl xs:text-3xl sm:text-3xl md:text-4xl relative -left-16 my-6 sm:my-6 md:my-6 text-left"
              >
                Arquitecta
              </h2>
              <p
                class="hidden sm:block text-left mx-4 max-w-[580px] text-sm sm:text-base leading-6"
              >
                Después de haber vivido y trabajado cuatro años en Australia y un año en Brasil, pude encontrar mi pasión por la naturaleza. Me gusta pensar cada espacio en relación al exterior y así aprovechar todo lo que nos ofrece en los espacios interiores. Usar materiales nobles, crear espacios funcionales y lo que encuentro fundamental, la Iluminación a lo largo del día con susluces y sombras.
              </p>
            </div>
          </div>
          <p
            class="sm:hidden text-left my-2 text-sm sm:text-base leading-6"
          >
            Después de haber vivido y trabajado cuatro años en Australia y un año en Brasil, pude encontrar mi pasión por la naturaleza. Me gusta pensar cada espacio en relación al exterior y así aprovechar todo lo que nos ofrece en los espacios interiores. Usar materiales nobles, crear espacios funcionales y lo que encuentro fundamental, la Iluminación a lo largo del día con susluces y sombras.
          </p>
        </section>
        <section
          class="mb-12 sm:mb-16"
        >
          <div
            class="relative flex flex-row-reverse"
          >
            <img
              alt="Director Creativo"
              class="aspect-square object-cover w-[60%] max-w-[260px] flex-shrink-0"
              data-nimg="1"
              decoding="async"
              height="183"
              loading="lazy"
              src="/_next/image?url=%2Fabout-us%2Ffelix.png&w=640&q=75"
              srcset="/_next/image?url=%2Fabout-us%2Ffelix.png&w=384&q=75 1x, /_next/image?url=%2Fabout-us%2Ffelix.png&w=640&q=75 2x"
              style="color: transparent;"
              width="298"
            />
            <div>
              <span
                style="font-size: 0px;"
              />
              <h2
                class="font-editorial-new tracking-[0.01em] uppercase opacity-0 font-light text-2xl xs:text-3xl sm:text-3xl md:text-4xl relative left-12 my-6 sm:my-6 md:my-6 text-right"
              >
                Director Creativo
              </h2>
              <p
                class="hidden sm:block text-right mx-4 max-w-[580px] text-sm sm:text-base leading-6"
              >
                Mi interés por la calidez y el paso del tiempo son motivaciones para lograr una visión sensible y natural. Formas, texturas, reflejos, contrastes y movimientos son mis inspiraciones para generar un mundo de sensaciones en el observador. Un ojo agudizado en el detalle.
              </p>
            </div>
          </div>
          <p
            class="sm:hidden text-right my-2 text-sm sm:text-base leading-6"
          >
            Mi interés por la calidez y el paso del tiempo son motivaciones para lograr una visión sensible y natural. Formas, texturas, reflejos, contrastes y movimientos son mis inspiraciones para generar un mundo de sensaciones en el observador. Un ojo agudizado en el detalle.
          </p>
        </section>
        <section
          class="mb-6 sm:mb-12 sm:hidden"
        >
          <span
            style="font-size: 0px;"
          />
          <h1
            class="font-editorial-new tracking-[0.01em] font-light uppercase sm:mt-16 sm:mb-9 md:mt-20 md:mb-12 md:text-5xl opacity-0 italic text-3xl my-8"
          >
            Equipo
          </h1>
          <div
            class="space-y-6 mb-6"
          >
            <div>
              <span
                style="font-size: 0px;"
              />
              <div
                class="opacity-0"
              >
                <p
                  class="font-editorial-new uppercase font-extralight leading-4 text-lg"
                >
                  Empresa Constructora
                </p>
                <p>
                  Civil Construcción SRL
                </p>
              </div>
            </div>
            <div>
              <span
                style="font-size: 0px;"
              />
              <div
                class="opacity-0"
              >
                <p
                  class="font-editorial-new uppercase font-extralight leading-4 text-lg"
                >
                  Paisajismo
                </p>
                <p>
                  Epifita Arquitectura & Paisaje
                </p>
              </div>
            </div>
            <div>
              <span
                style="font-size: 0px;"
              />
              <div
                class="opacity-0"
              >
                <p
                  class="font-editorial-new uppercase font-extralight leading-4 text-lg"
                >
                  Interiorismo
                </p>
                <p>
                  Mercedes Navarro
                </p>
              </div>
            </div>
            <div>
              <span
                style="font-size: 0px;"
              />
              <div
                class="opacity-0"
              >
                <p
                  class="font-editorial-new uppercase font-extralight leading-4 text-lg"
                >
                  Proyecto Lumínico
                </p>
                <p>
                  Alejandra Rodriguez
                </p>
              </div>
            </div>
            <div>
              <span
                style="font-size: 0px;"
              />
              <div
                class="opacity-0"
              >
                <p
                  class="font-editorial-new uppercase font-extralight leading-4 text-lg"
                >
                  Diseñadora
                </p>
                <p>
                  Trinidad Azpiroz
                </p>
              </div>
            </div>
            <div>
              <span
                style="font-size: 0px;"
              />
              <div
                class="opacity-0"
              >
                <p
                  class="font-editorial-new uppercase font-extralight leading-4 text-lg"
                >
                  Redes
                </p>
                <p>
                  Lucía de la Torre
                </p>
              </div>
            </div>
            <div>
              <span
                style="font-size: 0px;"
              />
              <div
                class="opacity-0"
              >
                <p
                  class="font-editorial-new uppercase font-extralight leading-4 text-lg"
                >
                  Web
                </p>
                <p>
                  Facundo y Matías Marcó del Pont
                </p>
              </div>
            </div>
            <div>
              <span
                style="font-size: 0px;"
              />
              <div
                class="opacity-0"
              >
                <p
                  class="font-editorial-new uppercase font-extralight leading-4 text-lg"
                >
                  Marketing y PR
                </p>
                <p>
                  María E. Magnolle
                </p>
              </div>
            </div>
          </div>
          <img
            alt="Equipo"
            class="w-full aspect-[5/2] object-cover"
            data-nimg="1"
            decoding="async"
            height="846"
            loading="lazy"
            src="/_next/image?url=%2Fabout-us%2Fequipo_2.png&w=1200&q=75"
            srcset="/_next/image?url=%2Fabout-us%2Fequipo_2.png&w=640&q=75 1x, /_next/image?url=%2Fabout-us%2Fequipo_2.png&w=1200&q=75 2x"
            style="color: transparent; object-position: 50% 62%;"
            width="564"
          />
        </section>
        <section
          class="hidden sm:block mb-6 sm:mb-12"
        >
          <span
            style="font-size: 0px;"
          />
          <h1
            class="font-editorial-new tracking-[0.01em] font-light uppercase opacity-0 italic text-2xl xs:text-3xl sm:text-3xl md:text-4xl text-left my-2 sm:my-2 md:my-2"
          >
            Equipo
          </h1>
          <div
            class="flex"
          >
            <div
              class="w-1/2 pr-2 md:pr-3 text-end"
            >
              <img
                alt="Equipo"
                class="object-cover w-full"
                data-nimg="1"
                decoding="async"
                height="635"
                loading="lazy"
                src="/_next/image?url=%2Fabout-us%2Fequipo_1.png&w=1080&q=75"
                srcset="/_next/image?url=%2Fabout-us%2Fequipo_1.png&w=640&q=75 1x, /_next/image?url=%2Fabout-us%2Fequipo_1.png&w=1080&q=75 2x"
                style="color: transparent;"
                width="508"
              />
              <div
                class="space-y-6 mt-6"
              >
                <div>
                  <span
                    style="font-size: 0px;"
                  />
                  <div
                    class="opacity-0"
                  >
                    <p
                      class="font-editorial-new uppercase font-extralight leading-4 text-lg"
                    >
                      Proyecto Lumínico
                    </p>
                    <p>
                      Alejandra Rodriguez
                    </p>
                  </div>
                </div>
                <div>
                  <span
                    style="font-size: 0px;"
                  />
                  <div
                    class="opacity-0"
                  >
                    <p
                      class="font-editorial-new uppercase font-extralight leading-4 text-lg"
                    >
                      Diseñadora
                    </p>
                    <p>
                      Trinidad Azpiroz
                    </p>
                  </div>
                </div>
                <div>
                  <span
                    style="font-size: 0px;"
                  />
                  <div
                    class="opacity-0"
                  >
                    <p
                      class="font-editorial-new uppercase font-extralight leading-4 text-lg"
                    >
                      Redes
                    </p>
                    <p>
                      Lucía de la Torre
                    </p>
                  </div>
                </div>
                <div>
                  <span
                    style="font-size: 0px;"
                  />
                  <div
                    class="opacity-0"
                  >
                    <p
                      class="font-editorial-new uppercase font-extralight leading-4 text-lg"
                    >
                      Web
                    </p>
                    <p>
                      Facundo y Matías Marcó del Pont
                    </p>
                  </div>
                </div>
                <div>
                  <span
                    style="font-size: 0px;"
                  />
                  <div
                    class="opacity-0"
                  >
                    <p
                      class="font-editorial-new uppercase font-extralight leading-4 text-lg"
                    >
                      Marketing y PR
                    </p>
                    <p>
                      María E. Magnolle
                    </p>
                  </div>
                </div>
              </div>
            </div>
            <div
              class="w-1/2 pl-2 md:pl-3  text-start flex flex-col"
            >
              <div
                class="flex"
              >
                <div
                  class="flex-grow"
                >
                  <div
                    class="space-y-6 mb-3"
                  >
                    <div>
                      <span
                        style="font-size: 0px;"
                      />
                      <div
                        class="opacity-0"
                      >
                        <p
                          class="font-editorial-new uppercase font-extralight leading-4 text-lg"
                        >
                          Empresa Constructora
                        </p>
                        <p>
                          Civil Construcción SRL
                        </p>
                      </div>
                    </div>
                    <div>
                      <span
                        style="font-size: 0px;"
                      />
                      <div
                        class="opacity-0"
                      >
                        <p
                          class="font-editorial-new uppercase font-extralight leading-4 text-lg"
                        >
                          Paisajismo
                        </p>
                        <p>
                          Epifita Arquitectura & Paisaje
                        </p>
                      </div>
                    </div>
                    <div>
                      <span
                        style="font-size: 0px;"
                      />
                      <div
                        class="opacity-0"
                      >
                        <p
                          class="font-editorial-new uppercase font-extralight leading-4 text-lg"
                        >
                          Interiorismo
                        </p>
                        <p>
                          Mercedes Navarro
                        </p>
                      </div>
                    </div>
                  </div>
                </div>
                <svg
                  class="text-black size-[5rem] self-end rotate-180"
                  fill="none"
                  height="24"
                  viewBox="0 0 569 569"
                  width="24"
                  xmlns="http://www.w3.org/2000/svg"
                >
                  <mask
                    height="569"
                    id="mask0_2090_30"
                    maskUnits="userSpaceOnUse"
                    style="mask-type: alpha;"
                    width="569"
                    x="0"
                    y="0"
                  >
                    <rect
                      fill="currentColor"
                      height="569"
                      width="569"
                    />
                  </mask>
                  <g
                    mask="url(#mask0_2090_30)"
                  >
                    <mask
                      height="356"
                      id="mask1_2090_30"
                      maskUnits="userSpaceOnUse"
                      style="mask-type: luminance;"
                      width="569"
                      x="1"
                      y="107"
                    >
                      <path
                        d="M569.616 107H1V462.552H569.616V107Z"
                        fill="white"
                      />
                    </mask>
                    <g
                      mask="url(#mask1_2090_30)"
                    >
                      <mask
                        height="118"
                        id="mask2_2090_30"
                        maskUnits="userSpaceOnUse"
                        style="mask-type: luminance;"
                        width="282"
                        x="144"
                        y="109"
                      >
                        <path
                          d="M144.454 109.179H425.761V226.542H144.454V109.179Z"
                          fill="white"
                        />
                      </mask>
                      <g
                        mask="url(#mask2_2090_30)"
                      >
                        <mask
                          height="118"
                          id="mask3_2090_30"
                          maskUnits="userSpaceOnUse"
                          style="mask-type: luminance;"
                          width="282"
                          x="144"
                          y="109"
                        >
                          <path
                            d="M425.688 109.179C425.688 173.863 362.762 226.303 285.146 226.303C207.525 226.303 144.6 173.863 144.6 109.179"
                            fill="white"
                          />
                        </mask>
                        <g
                          mask="url(#mask3_2090_30)"
                        >
                          <path
                            d="M568.066 462.375H2.14941V107.343H568.066V462.375Z"
                            fill="currentColor"
                          />
                        </g>
                      </g>
                      <mask
                        height="235"
                        id="mask4_2090_30"
                        maskUnits="userSpaceOnUse"
                        style="mask-type: luminance;"
                        width="564"
                        x="3"
                        y="226"
                      >
                        <path
                          d="M3.98535 226.178H566.235V460.538H3.98535V226.178Z"
                          fill="white"
                        />
                      </mask>
                      <g
                        mask="url(#mask4_2090_30)"
                      >
                        <mask
                          height="235"
                          id="mask5_2090_30"
                          maskUnits="userSpaceOnUse"
                          style="mask-type: luminance;"
                          width="563"
                          x="4"
                          y="226"
                        >
                          <path
                            d="M566.23 226.302C566.23 355.665 440.383 460.538 285.147 460.538C129.905 460.538 4.05859 355.665 4.05859 226.302"
                            fill="white"
                          />
                        </mask>
                        <g
                          mask="url(#mask5_2090_30)"
                        >
                          <path
                            d="M568.066 462.374H2.14941V107.343H568.066V462.374Z"
                            fill="currentColor"
                          />
                        </g>
                      </g>
                    </g>
                  </g>
                </svg>
              </div>
              <img
                alt="Equipo"
                class="object-cover w-full flex-grow"
                data-nimg="1"
                decoding="async"
                height="846"
                loading="lazy"
                src="/_next/image?url=%2Fabout-us%2Fequipo_2.png&w=1200&q=75"
                srcset="/_next/image?url=%2Fabout-us%2Fequipo_2.png&w=640&q=75 1x, /_next/image?url=%2Fabout-us%2Fequipo_2.png&w=1200&q=75 2x"
                style="color: transparent;"
                width="564"
              />
            </div>
          </div>
        </section>
      </div>
    </div>
  </main>
</div>
`;
