// Jest Snapshot v1, https://goo.gl/fbAQLP

exports[`Home renders homepage unchanged 1`] = `
<div>
  <main
    class="text-center"
  >
    <h1
      class="hidden"
    >
      Cóncavo
    </h1>
    <section
      class="mb-12"
    >
      <a
        class="block relative w-full h-[80vh] overflow-hidden"
        href="/casa"
      >
        <video
          autoplay=""
          class="absolute top-0 left-0 w-full h-full border-0 pointer-events-none z-10 border-none object-cover"
          height="100%"
          loop=""
          src="/casa.mp4"
          title="Casa Cóncavo"
        />
        <div
          class="absolute inset-0 bg-black opacity-50 z-20"
        />
        <div
          class="absolute inset-0 flex flex-col z-30 justify-center items-center"
        >
          <p
            class="text-white text-base sm:text-lg md:text-xl max-w-[600px] max-h-[200px] m-auto p-6 sm:p-8 md:p-12"
          >
            CÓNCAVO nace de la experimentación. Es un camino de disfrute y creación. De imaginar un espacio relajado, armónico y luminoso. De crear sensaciones de calma.
          </p>
          <div
            class="absolute bottom-0 right-1/2 p-2 md:p-4 translate-x-[50%] flex flex-col items-center gap-2 text-white text-base md:text-lg"
          >
            COMENZAR
            <svg
              class="lucide lucide-chevron-down "
              fill="none"
              height="30px"
              stroke="white"
              stroke-linecap="round"
              stroke-linejoin="round"
              stroke-width="2"
              viewBox="0 0 24 24"
              width="30px"
              xmlns="http://www.w3.org/2000/svg"
            >
              <path
                d="m6 9 6 6 6-6"
              />
            </svg>
          </div>
        </div>
      </a>
    </section>
    <section
      class="mx-4 sm:mx-6 md:mx-8 mb-12"
    >
      <h1
        class="uppercase mt-12 mb-6 italic text-xl sm:text-2xl md:text-3xl"
        id="productos-concavo"
      >
        Nuestros Productos
      </h1>
      <ul
        aria-labelledby="productos-concavo"
        class="grid grid-cols-auto-fill-200 sm:grid-cols-auto-fill-300 gap-4"
      >
        <li>
          <a
            aria-label="Azulejos verdes"
            class="flex flex-col gap-2 cursor-pointer text-dark-gray group"
            href="/productos/azulejos-verdes"
          >
            <div
              class="h-[450px] relative overflow-hidden"
            >
              <img
                alt="Azulejos verdes"
                class="object-cover group-hover:scale-105 transition-transform duration-1000"
                data-nimg="fill"
                decoding="async"
                loading="lazy"
                sizes="100vw"
                src="/_next/image?url=%2Fproductos%2Fazulejos-verdes.jpg&w=3840&q=75"
                srcset="/_next/image?url=%2Fproductos%2Fazulejos-verdes.jpg&w=640&q=75 640w, /_next/image?url=%2Fproductos%2Fazulejos-verdes.jpg&w=750&q=75 750w, /_next/image?url=%2Fproductos%2Fazulejos-verdes.jpg&w=828&q=75 828w, /_next/image?url=%2Fproductos%2Fazulejos-verdes.jpg&w=1080&q=75 1080w, /_next/image?url=%2Fproductos%2Fazulejos-verdes.jpg&w=1200&q=75 1200w, /_next/image?url=%2Fproductos%2Fazulejos-verdes.jpg&w=1920&q=75 1920w, /_next/image?url=%2Fproductos%2Fazulejos-verdes.jpg&w=2048&q=75 2048w, /_next/image?url=%2Fproductos%2Fazulejos-verdes.jpg&w=3840&q=75 3840w"
                style="position: absolute; height: 100%; width: 100%; left: 0px; top: 0px; right: 0px; bottom: 0px; color: transparent;"
              />
            </div>
            <div
              class="mb-4 group-hover:text-light-gray transition-colors duration-500"
            >
              <h1
                class="uppercase italic text-lg m-0"
              >
                Azulejos verdes
              </h1>
              <p
                aria-label="dimensions"
                class="text-xs text-center"
              >
                AAA x LLL x PPP
              </p>
            </div>
          </a>
        </li>
        <li>
          <a
            aria-label="Azulejos azules"
            class="flex flex-col gap-2 cursor-pointer text-dark-gray group"
            href="/productos/azulejos-azules"
          >
            <div
              class="h-[450px] relative overflow-hidden"
            >
              <img
                alt="Azulejos azules"
                class="object-cover group-hover:scale-105 transition-transform duration-1000"
                data-nimg="fill"
                decoding="async"
                loading="lazy"
                sizes="100vw"
                src="/_next/image?url=%2Fproductos%2Fazulejos-azules.jpg&w=3840&q=75"
                srcset="/_next/image?url=%2Fproductos%2Fazulejos-azules.jpg&w=640&q=75 640w, /_next/image?url=%2Fproductos%2Fazulejos-azules.jpg&w=750&q=75 750w, /_next/image?url=%2Fproductos%2Fazulejos-azules.jpg&w=828&q=75 828w, /_next/image?url=%2Fproductos%2Fazulejos-azules.jpg&w=1080&q=75 1080w, /_next/image?url=%2Fproductos%2Fazulejos-azules.jpg&w=1200&q=75 1200w, /_next/image?url=%2Fproductos%2Fazulejos-azules.jpg&w=1920&q=75 1920w, /_next/image?url=%2Fproductos%2Fazulejos-azules.jpg&w=2048&q=75 2048w, /_next/image?url=%2Fproductos%2Fazulejos-azules.jpg&w=3840&q=75 3840w"
                style="position: absolute; height: 100%; width: 100%; left: 0px; top: 0px; right: 0px; bottom: 0px; color: transparent;"
              />
            </div>
            <div
              class="mb-4 group-hover:text-light-gray transition-colors duration-500"
            >
              <h1
                class="uppercase italic text-lg m-0"
              >
                Azulejos azules
              </h1>
              <p
                aria-label="dimensions"
                class="text-xs text-center"
              >
                AAA x LLL x PPP
              </p>
            </div>
          </a>
        </li>
      </ul>
    </section>
  </main>
</div>
`;
