// Jest Snapshot v1, https://goo.gl/fbAQLP

exports[`Home renders homepage unchanged 1`] = `
<div>
  <main
    class="text-center"
  >
    <h1>
      Cóncavo
    </h1>
    <section
      class="mx-12"
    >
      <h1
        class="text-center"
        id="productos-concavo"
      >
        Productos Cóncavo
      </h1>
      <ul
        aria-labelledby="productos-concavo"
        class="grid grid-cols-auto-fill-300 gap-4"
      >
        <li>
          <a
            aria-label="Azulejos verdes"
            class="flex flex-col gap-2 cursor-pointer text-dark-gray group"
            href="/productos/azulejos-verdes"
          >
            <div
              class="h-[450px] relative overflow-hidden"
            >
              <img
                alt="Azulejos verdes"
                class="group-hover:scale-105 transition-transform duration-1000"
                data-nimg="fill"
                decoding="async"
                loading="lazy"
                sizes="100vw"
                src="/_next/image?url=%2Fproductos%2Fazulejos-verdes.jpg&w=3840&q=75"
                srcset="/_next/image?url=%2Fproductos%2Fazulejos-verdes.jpg&w=640&q=75 640w, /_next/image?url=%2Fproductos%2Fazulejos-verdes.jpg&w=750&q=75 750w, /_next/image?url=%2Fproductos%2Fazulejos-verdes.jpg&w=828&q=75 828w, /_next/image?url=%2Fproductos%2Fazulejos-verdes.jpg&w=1080&q=75 1080w, /_next/image?url=%2Fproductos%2Fazulejos-verdes.jpg&w=1200&q=75 1200w, /_next/image?url=%2Fproductos%2Fazulejos-verdes.jpg&w=1920&q=75 1920w, /_next/image?url=%2Fproductos%2Fazulejos-verdes.jpg&w=2048&q=75 2048w, /_next/image?url=%2Fproductos%2Fazulejos-verdes.jpg&w=3840&q=75 3840w"
                style="position: absolute; height: 100%; width: 100%; left: 0px; top: 0px; right: 0px; bottom: 0px; object-fit: cover; color: transparent;"
              />
            </div>
            <div
              class="mb-4 group-hover:text-light-gray transition-colors duration-500 space-y-1"
            >
              <p
                class="text-md text-center uppercase"
              >
                Azulejos verdes
              </p>
            </div>
          </a>
        </li>
        <li>
          <a
            aria-label="Azulejos azules"
            class="flex flex-col gap-2 cursor-pointer text-dark-gray group"
            href="/productos/azulejos-azules"
          >
            <div
              class="h-[450px] relative overflow-hidden"
            >
              <img
                alt="Azulejos azules"
                class="group-hover:scale-105 transition-transform duration-1000"
                data-nimg="fill"
                decoding="async"
                loading="lazy"
                sizes="100vw"
                src="/_next/image?url=%2Fproductos%2Fazulejos-azules.jpg&w=3840&q=75"
                srcset="/_next/image?url=%2Fproductos%2Fazulejos-azules.jpg&w=640&q=75 640w, /_next/image?url=%2Fproductos%2Fazulejos-azules.jpg&w=750&q=75 750w, /_next/image?url=%2Fproductos%2Fazulejos-azules.jpg&w=828&q=75 828w, /_next/image?url=%2Fproductos%2Fazulejos-azules.jpg&w=1080&q=75 1080w, /_next/image?url=%2Fproductos%2Fazulejos-azules.jpg&w=1200&q=75 1200w, /_next/image?url=%2Fproductos%2Fazulejos-azules.jpg&w=1920&q=75 1920w, /_next/image?url=%2Fproductos%2Fazulejos-azules.jpg&w=2048&q=75 2048w, /_next/image?url=%2Fproductos%2Fazulejos-azules.jpg&w=3840&q=75 3840w"
                style="position: absolute; height: 100%; width: 100%; left: 0px; top: 0px; right: 0px; bottom: 0px; object-fit: cover; color: transparent;"
              />
            </div>
            <div
              class="mb-4 group-hover:text-light-gray transition-colors duration-500 space-y-1"
            >
              <p
                class="text-md text-center uppercase"
              >
                Azulejos azules
              </p>
            </div>
          </a>
        </li>
      </ul>
    </section>
  </main>
</div>
`;
