// Jest Snapshot v1, https://goo.gl/fbAQLP

exports[`Casa Cóncavo renders Casa Cóncavo unchanged 1`] = `
<div>
  <main
    class="text-center"
  >
    <section
      class="mb-12"
    >
      <span
        style="font-size: 0px;"
      />
      <h1
        class="font-editorial-new font-extralight tracking-[0.01em] uppercase mt-12 mb-6 sm:mt-16 sm:mb-9 md:mt-20 md:mb-12 italic text-3xl md:text-4xl opacity-0 hidden"
      >
        Casa Cóncavo
      </h1>
      <ul
        aria-label="Lista de Ambientes"
        class="space-y-4 sm:space-y-8 md:space-y-12"
      >
        <li>
          <a
            aria-label="Cocina"
            class="relative w-full h-[61.8vw] max-h-[494px] pl-4 flex justify-center items-center"
            href="/casa-concavo/cocina"
          >
            <img
              alt="Cocina"
              class="absolute inset-0 w-full h-full object-cover"
              data-nimg="fill"
              decoding="async"
              loading="lazy"
              sizes="100vw"
              src="/_next/image?url=%2Fambientes%2Fcocina%2F0.jpeg&w=3840&q=75"
              srcset="/_next/image?url=%2Fambientes%2Fcocina%2F0.jpeg&w=640&q=75 640w, /_next/image?url=%2Fambientes%2Fcocina%2F0.jpeg&w=750&q=75 750w, /_next/image?url=%2Fambientes%2Fcocina%2F0.jpeg&w=828&q=75 828w, /_next/image?url=%2Fambientes%2Fcocina%2F0.jpeg&w=1080&q=75 1080w, /_next/image?url=%2Fambientes%2Fcocina%2F0.jpeg&w=1200&q=75 1200w, /_next/image?url=%2Fambientes%2Fcocina%2F0.jpeg&w=1920&q=75 1920w, /_next/image?url=%2Fambientes%2Fcocina%2F0.jpeg&w=2048&q=75 2048w, /_next/image?url=%2Fambientes%2Fcocina%2F0.jpeg&w=3840&q=75 3840w"
              style="position: absolute; height: 100%; width: 100%; left: 0px; top: 0px; right: 0px; bottom: 0px; color: transparent;"
            />
            <div
              class="absolute inset-0 bg-black opacity-30 z-20"
            />
            <div
              class="relative max-w-[1600px] flex justify-between grow z-30"
            >
              <p
                class="text-xl sm:text-2xl md:text-3xl text-bone"
              >
                Cocina
              </p>
              <svg
                class="lucide lucide-chevron-right size-[30px] sm:size-[40px] md:size-[40px]"
                fill="none"
                height="24"
                stroke="white"
                stroke-linecap="round"
                stroke-linejoin="round"
                stroke-width="2"
                viewBox="0 0 24 24"
                width="24"
                xmlns="http://www.w3.org/2000/svg"
              >
                <path
                  d="m9 18 6-6-6-6"
                />
              </svg>
            </div>
            <span
              style="font-size: 0px;"
            />
          </a>
        </li>
        <li>
          <a
            aria-label="Living/Comedor"
            class="relative w-full h-[61.8vw] max-h-[494px] pl-4 flex justify-center items-center"
            href="/casa-concavo/living-comedor"
          >
            <img
              alt="Living/Comedor"
              class="absolute inset-0 w-full h-full object-cover"
              data-nimg="fill"
              decoding="async"
              loading="lazy"
              sizes="100vw"
              src="/_next/image?url=%2Fambientes%2Fliving-comedor%2F0.jpeg&w=3840&q=75"
              srcset="/_next/image?url=%2Fambientes%2Fliving-comedor%2F0.jpeg&w=640&q=75 640w, /_next/image?url=%2Fambientes%2Fliving-comedor%2F0.jpeg&w=750&q=75 750w, /_next/image?url=%2Fambientes%2Fliving-comedor%2F0.jpeg&w=828&q=75 828w, /_next/image?url=%2Fambientes%2Fliving-comedor%2F0.jpeg&w=1080&q=75 1080w, /_next/image?url=%2Fambientes%2Fliving-comedor%2F0.jpeg&w=1200&q=75 1200w, /_next/image?url=%2Fambientes%2Fliving-comedor%2F0.jpeg&w=1920&q=75 1920w, /_next/image?url=%2Fambientes%2Fliving-comedor%2F0.jpeg&w=2048&q=75 2048w, /_next/image?url=%2Fambientes%2Fliving-comedor%2F0.jpeg&w=3840&q=75 3840w"
              style="position: absolute; height: 100%; width: 100%; left: 0px; top: 0px; right: 0px; bottom: 0px; color: transparent;"
            />
            <div
              class="absolute inset-0 bg-black opacity-30 z-20"
            />
            <div
              class="relative max-w-[1600px] flex justify-between grow z-30"
            >
              <p
                class="text-xl sm:text-2xl md:text-3xl text-bone"
              >
                Living/Comedor
              </p>
              <svg
                class="lucide lucide-chevron-right size-[30px] sm:size-[40px] md:size-[40px]"
                fill="none"
                height="24"
                stroke="white"
                stroke-linecap="round"
                stroke-linejoin="round"
                stroke-width="2"
                viewBox="0 0 24 24"
                width="24"
                xmlns="http://www.w3.org/2000/svg"
              >
                <path
                  d="m9 18 6-6-6-6"
                />
              </svg>
            </div>
            <span
              style="font-size: 0px;"
            />
          </a>
        </li>
      </ul>
    </section>
  </main>
</div>
`;
