// Jest Snapshot v1, https://goo.gl/fbAQLP

exports[`Casa Cóncavo renders Casa Cóncavo unchanged 1`] = `
<div>
  <main>
    <section
      class="mb-12"
    >
      <span
        style="font-size: 0px;"
      />
      <h1
        class="font-editorial-new tracking-[0.01em] uppercase mt-12 mb-6 sm:mt-16 sm:mb-9 md:mt-20 md:mb-12 text-3xl md:text-4xl opacity-0 hidden"
      >
        Casa Cóncavo
      </h1>
      <article
        class="relative text-left p-[1.75em] mt-20 mb-16 mx-6 xs:mx-12 sm:mx-20 md:mx-32 lg:mx-72 bg-white font-editorial-new font-extralight text-base md:text-xl w-fit max-w-[270px] xs:max-w-[320px] md:max-w-[400px]"
      >
        <strong
          class="font-regular"
        >
          CASA CÓNCAVO
        </strong>
         es nuestra forma de vivir las casa pensando en el todo y en el detalle. Conocé nuestra primera casa: ´Whitehaven´.
        <div
          class="absolute -top-3 md:-top-4 -left-0"
        >
          <div
            class="absolute w-[0.5px] h-6 md:h-8 bg-black"
          />
          <div
            class="absolute w-[0.5px] h-6 md:h-8 bg-black rotate-90"
          />
        </div>
      </article>
      <ul
        aria-label="Lista de Ambientes"
        class="space-y-2"
      >
        <li>
          <a
            aria-label="Cocina"
            class="relative block w-full h-[40vw] min-h-[300px]"
            href="/casa-concavo/cocina"
          >
            <img
              alt="Cocina"
              class="-z-10"
              data-nimg="fill"
              decoding="async"
              loading="lazy"
              sizes="100vw"
              src="/_next/image?url=%2Fambientes%2Fcocina%2F0.jpeg&w=3840&q=75"
              srcset="/_next/image?url=%2Fambientes%2Fcocina%2F0.jpeg&w=640&q=75 640w, /_next/image?url=%2Fambientes%2Fcocina%2F0.jpeg&w=750&q=75 750w, /_next/image?url=%2Fambientes%2Fcocina%2F0.jpeg&w=828&q=75 828w, /_next/image?url=%2Fambientes%2Fcocina%2F0.jpeg&w=1080&q=75 1080w, /_next/image?url=%2Fambientes%2Fcocina%2F0.jpeg&w=1200&q=75 1200w, /_next/image?url=%2Fambientes%2Fcocina%2F0.jpeg&w=1920&q=75 1920w, /_next/image?url=%2Fambientes%2Fcocina%2F0.jpeg&w=2048&q=75 2048w, /_next/image?url=%2Fambientes%2Fcocina%2F0.jpeg&w=3840&q=75 3840w"
              style="position: absolute; height: 100%; width: 100%; left: 0px; top: 0px; right: 0px; bottom: 0px; object-fit: cover; color: transparent;"
            />
            <div
              class="w-full h-full bg-[#0003] p-10"
            >
              <span
                style="font-size: 0px;"
              />
              <h2
                class="font-editorial-new tracking-[0.01em] uppercase mt-12 mb-6 sm:mt-16 sm:mb-9 md:mt-20 md:mb-12 opacity-0 text-2xl sm:text-3xl md:text-4xl text-bone text-left font-extralight"
              >
                Cocina
              </h2>
            </div>
            <span
              style="font-size: 0px;"
            />
          </a>
        </li>
        <li>
          <a
            aria-label="Living/Comedor"
            class="relative block w-full h-[40vw] min-h-[300px]"
            href="/casa-concavo/living-comedor"
          >
            <img
              alt="Living/Comedor"
              class="-z-10"
              data-nimg="fill"
              decoding="async"
              loading="lazy"
              sizes="100vw"
              src="/_next/image?url=%2Fambientes%2Fliving-comedor%2F0.jpeg&w=3840&q=75"
              srcset="/_next/image?url=%2Fambientes%2Fliving-comedor%2F0.jpeg&w=640&q=75 640w, /_next/image?url=%2Fambientes%2Fliving-comedor%2F0.jpeg&w=750&q=75 750w, /_next/image?url=%2Fambientes%2Fliving-comedor%2F0.jpeg&w=828&q=75 828w, /_next/image?url=%2Fambientes%2Fliving-comedor%2F0.jpeg&w=1080&q=75 1080w, /_next/image?url=%2Fambientes%2Fliving-comedor%2F0.jpeg&w=1200&q=75 1200w, /_next/image?url=%2Fambientes%2Fliving-comedor%2F0.jpeg&w=1920&q=75 1920w, /_next/image?url=%2Fambientes%2Fliving-comedor%2F0.jpeg&w=2048&q=75 2048w, /_next/image?url=%2Fambientes%2Fliving-comedor%2F0.jpeg&w=3840&q=75 3840w"
              style="position: absolute; height: 100%; width: 100%; left: 0px; top: 0px; right: 0px; bottom: 0px; object-fit: cover; color: transparent;"
            />
            <div
              class="w-full h-full bg-[#0003] p-10"
            >
              <span
                style="font-size: 0px;"
              />
              <h2
                class="font-editorial-new tracking-[0.01em] uppercase mt-12 mb-6 sm:mt-16 sm:mb-9 md:mt-20 md:mb-12 opacity-0 text-2xl sm:text-3xl md:text-4xl text-bone text-left font-extralight"
              >
                Living/Comedor
              </h2>
            </div>
            <span
              style="font-size: 0px;"
            />
          </a>
        </li>
      </ul>
    </section>
  </main>
</div>
`;
