// Jest Snapshot v1, https://goo.gl/fbAQLP

exports[`MainColaborador matches snapshot 1`] = `
<div>
  <div>
    <div
      class="mb-3 w-[300px] h-[100px] relative"
    >
      <img
        alt="Elegancee"
        class="max-w-[300px] max-h-[150px] grayscale"
        data-nimg="fill"
        decoding="async"
        loading="lazy"
        sizes="100vw"
        src="/_next/image?url=%2Fcolaboradores%2Felegance.png&w=3840&q=75"
        srcset="/_next/image?url=%2Fcolaboradores%2Felegance.png&w=640&q=75 640w, /_next/image?url=%2Fcolaboradores%2Felegance.png&w=750&q=75 750w, /_next/image?url=%2Fcolaboradores%2Felegance.png&w=828&q=75 828w, /_next/image?url=%2Fcolaboradores%2Felegance.png&w=1080&q=75 1080w, /_next/image?url=%2Fcolaboradores%2Felegance.png&w=1200&q=75 1200w, /_next/image?url=%2Fcolaboradores%2Felegance.png&w=1920&q=75 1920w, /_next/image?url=%2Fcolaboradores%2Felegance.png&w=2048&q=75 2048w, /_next/image?url=%2Fcolaboradores%2Felegance.png&w=3840&q=75 3840w"
        style="position: absolute; height: 100%; width: 100%; left: 0px; top: 0px; right: 0px; bottom: 0px; object-fit: contain; color: transparent;"
      />
    </div>
    <p
      class="text-xs text-darkGray mb-3"
    >
      Líder en revestimientos de suelos elegantes y duraderos para hogares y negocios. Calidad, innovación y compromiso con la sostenibilidad nos distinguen.
    </p>
  </div>
</div>
`;

exports[`StandardColaborador matches snapshot 1`] = `
<div>
  <div
    class="w-[300px] h-[100px] relative"
  >
    <img
      alt="Muebles de Arte"
      class="max-w-[300px] max-h-[150px] grayscale"
      data-nimg="fill"
      decoding="async"
      loading="lazy"
      sizes="100vw"
      src="/_next/image?url=%2Fcolaboradores%2Fmuebles-arte.png&w=3840&q=75"
      srcset="/_next/image?url=%2Fcolaboradores%2Fmuebles-arte.png&w=640&q=75 640w, /_next/image?url=%2Fcolaboradores%2Fmuebles-arte.png&w=750&q=75 750w, /_next/image?url=%2Fcolaboradores%2Fmuebles-arte.png&w=828&q=75 828w, /_next/image?url=%2Fcolaboradores%2Fmuebles-arte.png&w=1080&q=75 1080w, /_next/image?url=%2Fcolaboradores%2Fmuebles-arte.png&w=1200&q=75 1200w, /_next/image?url=%2Fcolaboradores%2Fmuebles-arte.png&w=1920&q=75 1920w, /_next/image?url=%2Fcolaboradores%2Fmuebles-arte.png&w=2048&q=75 2048w, /_next/image?url=%2Fcolaboradores%2Fmuebles-arte.png&w=3840&q=75 3840w"
      style="position: absolute; height: 100%; width: 100%; left: 0px; top: 0px; right: 0px; bottom: 0px; object-fit: contain; color: transparent;"
    />
  </div>
</div>
`;
