// Jest Snapshot v1, https://goo.gl/fbAQLP

exports[`Producto matches snapshot 1`] = `
<div>
  <a
    aria-label="Piso simil Madera"
    class="cursor-pointer text-dark-gray group"
    href="/productos/piso-madera"
  >
    <div
      class="pt-[100%] relative overflow-hidden"
    >
      <img
        alt="Piso simil Madera"
        class="object-cover group-hover:scale-105 transition-transform duration-1000"
        data-nimg="fill"
        decoding="async"
        loading="lazy"
        sizes="100vw"
        src="/_next/image?url=%2Fproductos%2Fpiso-madera.jpg&w=3840&q=75"
        srcset="/_next/image?url=%2Fproductos%2Fpiso-madera.jpg&w=640&q=75 640w, /_next/image?url=%2Fproductos%2Fpiso-madera.jpg&w=750&q=75 750w, /_next/image?url=%2Fproductos%2Fpiso-madera.jpg&w=828&q=75 828w, /_next/image?url=%2Fproductos%2Fpiso-madera.jpg&w=1080&q=75 1080w, /_next/image?url=%2Fproductos%2Fpiso-madera.jpg&w=1200&q=75 1200w, /_next/image?url=%2Fproductos%2Fpiso-madera.jpg&w=1920&q=75 1920w, /_next/image?url=%2Fproductos%2Fpiso-madera.jpg&w=2048&q=75 2048w, /_next/image?url=%2Fproductos%2Fpiso-madera.jpg&w=3840&q=75 3840w"
        style="position: absolute; height: 100%; width: 100%; left: 0px; top: 0px; right: 0px; bottom: 0px; color: transparent;"
      />
    </div>
    <div
      class="mb-4 group-hover:text-light-gray transition-colors duration-500"
    >
      <h1
        class="uppercase italic text-lg mt-4 mb-0 sm:mt-6 sm:mb-0 md:mt-8 md:mb-0"
      >
        Piso simil Madera
      </h1>
    </div>
  </a>
</div>
`;
