// Jest Snapshot v1, https://goo.gl/fbAQLP

exports[`Video component matches snapshot 1`] = `
<div>
  <section
    class="relative"
  >
    <video
      autoplay=""
      class="absolute top-0 left-0 w-full h-full pointer-events-none -z-10 border-none object-cover"
      height="100%"
      loop=""
      src="https://www.example.com/video"
      title="cuchuflito"
    />
    Lorem, ipsum dolor sit amet consectetur adipisicing elit
  </section>
</div>
`;
