// Jest Snapshot v1, https://goo.gl/fbAQLP

exports[`Video component matches snapshot 1`] = `
<div>
  <a
    class="block relative w-full h-[80vh] overflow-hidden"
    href="fake-link"
  >
    <video
      autoplay=""
      class="absolute top-0 left-0 w-full h-full border-0 pointer-events-none z-10 border-none object-cover"
      height="100%"
      loop=""
      src="https://www.example.com/video"
      title="cuchuflito"
    />
    <div
      class="absolute inset-0 bg-black opacity-50 z-20"
    />
    <div
      class="absolute inset-0 flex flex-col z-30 justify-center items-center"
    >
      Lorem, ipsum dolor sit amet consectetur adipisicing elit
      <div
        class="absolute bottom-4 right-1/2 p-2 md:p-4 translate-x-[50%] flex flex-col items-center gap-2 text-bone text-sm sm:text-base md:text-lg"
      >
        START HERE
      </div>
    </div>
  </a>
</div>
`;
