// Jest Snapshot v1, https://goo.gl/fbAQLP

exports[`Video component matches snapshot 1`] = `
<div>
  <a
    class="block relative w-full h-[80vh] overflow-hidden"
    href="fake-link"
  >
    <video
      autoplay=""
      class="absolute top-0 left-0 w-full h-full border-0 pointer-events-none z-10 border-none object-cover"
      height="100%"
      loop=""
      src="https://www.example.com/video"
      title="cuchuflito"
    />
    <div
      class="absolute inset-0 bg-black opacity-50 z-20"
    />
    <div
      class="absolute inset-0 flex flex-col z-30 justify-center"
    >
      <h1
        class="font-bold tracking-widest my-8 text-white uppercase mb-0 text-3xl md:text-4xl"
      >
        cuchuflito
      </h1>
      <p
        class="text-white text-lg md:text-2xl"
      >
        Lorem ipsum dolor sit.
      </p>
      <svg
        class="lucide lucide-chevron-right absolute top-1/2 right-2 p-4 rounded-full translate-y-[-50%] hidden md:block"
        fill="none"
        height="84px"
        stroke="white"
        stroke-linecap="round"
        stroke-linejoin="round"
        stroke-width="2"
        viewBox="0 0 24 24"
        width="84px"
        xmlns="http://www.w3.org/2000/svg"
      >
        <path
          d="m9 18 6-6-6-6"
        />
      </svg>
    </div>
  </a>
</div>
`;
